Token indices sequence length is longer than the specified maximum sequence length for this model (845 > 512). Running this sequence through the model will result in indexing errors
You're using a RobertaTokenizerFast tokenizer. Please note that with a fast tokenizer, using the `__call__` method is faster than using a method to encode the text followed by a call to the `pad` method to get a padded encoding.
eval validation 1024/2000 elapsed=1s
baseline validation {"n": 2000, "accuracy": 0.774, "accuracy_wilson_95": [0.7551546167381209, 0.791794802816798], "spam_precision": 0.8805555555555555, "spam_recall": 0.634, "spam_f1": 0.7372093023255814, "roc_auc": 0.816332, "false_positive_rate": 0.086, "tn": 914, "fp": 86, "fn": 366, "tp": 634} spam_index 1
eval test 1024/4000 elapsed=1s
eval test 2048/4000 elapsed=2s
eval test 3072/4000 elapsed=4s
baseline test {"n": 4000, "accuracy": 0.77025, "accuracy_wilson_95": [0.7569576164236528, 0.7830237854379992], "spam_precision": 0.8745668745668745, "spam_recall": 0.631, "spam_f1": 0.7330816148707523, "roc_auc": 0.8174343749999999, "false_positive_rate": 0.0905, "tn": 1819, "fp": 181, "fn": 738, "tp": 1262}
epoch=1 samples=200/12000 loss=1.1673 elapsed=5s gpu_peak_mb=1595
epoch=1 samples=400/12000 loss=0.8792 elapsed=10s gpu_peak_mb=1595
epoch=1 samples=600/12000 loss=0.4656 elapsed=16s gpu_peak_mb=1598
epoch=1 samples=800/12000 loss=0.4615 elapsed=21s gpu_peak_mb=1598
epoch=1 samples=1000/12000 loss=0.3584 elapsed=26s gpu_peak_mb=1598
epoch=1 samples=1200/12000 loss=0.2063 elapsed=31s gpu_peak_mb=1598
epoch=1 samples=1400/12000 loss=0.1277 elapsed=36s gpu_peak_mb=1598
epoch=1 samples=1600/12000 loss=0.1299 elapsed=41s gpu_peak_mb=1598
epoch=1 samples=1800/12000 loss=0.2250 elapsed=46s gpu_peak_mb=1598
epoch=1 samples=2000/12000 loss=0.2271 elapsed=51s gpu_peak_mb=1598
epoch=1 samples=2200/12000 loss=0.1433 elapsed=56s gpu_peak_mb=1598
epoch=1 samples=2400/12000 loss=0.1803 elapsed=61s gpu_peak_mb=1598
epoch=1 samples=2600/12000 loss=0.1228 elapsed=66s gpu_peak_mb=1598
epoch=1 samples=2800/12000 loss=0.1705 elapsed=71s gpu_peak_mb=1598
epoch=1 samples=3000/12000 loss=0.1180 elapsed=76s gpu_peak_mb=1598
eval validation 1024/2000 elapsed=1s
validation {"epoch": 1, "samples": 3000, "validation": {"n": 2000, "accuracy": 0.945, "accuracy_wilson_95": [0.9341283999249005, 0.9541653654106429], "spam_precision": 0.9587628865979382, "spam_recall": 0.93, "spam_f1": 0.9441624365482234, "roc_auc": 0.984947, "false_positive_rate": 0.04, "tn": 960, "fp": 40, "fn": 70, "tp": 930}}
epoch=1 samples=3200/12000 loss=0.1887 elapsed=88s gpu_peak_mb=1598
epoch=1 samples=3400/12000 loss=0.1391 elapsed=94s gpu_peak_mb=1598
epoch=1 samples=3600/12000 loss=0.0765 elapsed=99s gpu_peak_mb=1598
epoch=1 samples=3800/12000 loss=0.1236 elapsed=104s gpu_peak_mb=1598
epoch=1 samples=4000/12000 loss=0.0958 elapsed=109s gpu_peak_mb=1598
epoch=1 samples=4200/12000 loss=0.0826 elapsed=114s gpu_peak_mb=1598
epoch=1 samples=4400/12000 loss=0.1158 elapsed=119s gpu_peak_mb=1598
epoch=1 samples=4600/12000 loss=0.1958 elapsed=124s gpu_peak_mb=1598
epoch=1 samples=4800/12000 loss=0.1234 elapsed=129s gpu_peak_mb=1598
epoch=1 samples=5000/12000 loss=0.1836 elapsed=134s gpu_peak_mb=1598
epoch=1 samples=5200/12000 loss=0.1184 elapsed=139s gpu_peak_mb=1598
epoch=1 samples=5400/12000 loss=0.1027 elapsed=144s gpu_peak_mb=1598
epoch=1 samples=5600/12000 loss=0.1797 elapsed=149s gpu_peak_mb=1598
epoch=1 samples=5800/12000 loss=0.1327 elapsed=154s gpu_peak_mb=1598
epoch=1 samples=6000/12000 loss=0.1144 elapsed=159s gpu_peak_mb=1598
eval validation 1024/2000 elapsed=1s
validation {"epoch": 1, "samples": 6000, "validation": {"n": 2000, "accuracy": 0.9545, "accuracy_wilson_95": [0.9444624737843038, 0.9627948663168301], "spam_precision": 0.9739311783107404, "spam_recall": 0.934, "spam_f1": 0.9535477284328739, "roc_auc": 0.99029, "false_positive_rate": 0.025, "tn": 975, "fp": 25, "fn": 66, "tp": 934}}
epoch=1 samples=6200/12000 loss=0.0977 elapsed=172s gpu_peak_mb=1598
epoch=1 samples=6400/12000 loss=0.1186 elapsed=177s gpu_peak_mb=1598
epoch=1 samples=6600/12000 loss=0.1317 elapsed=182s gpu_peak_mb=1598
epoch=1 samples=6800/12000 loss=0.1682 elapsed=187s gpu_peak_mb=1598
epoch=1 samples=7000/12000 loss=0.0818 elapsed=192s gpu_peak_mb=1598
epoch=1 samples=7200/12000 loss=0.1157 elapsed=197s gpu_peak_mb=1598
epoch=1 samples=7400/12000 loss=0.1178 elapsed=202s gpu_peak_mb=1598
epoch=1 samples=7600/12000 loss=0.1520 elapsed=207s gpu_peak_mb=1598
epoch=1 samples=7800/12000 loss=0.1364 elapsed=212s gpu_peak_mb=1598
epoch=1 samples=8000/12000 loss=0.0967 elapsed=217s gpu_peak_mb=1598
epoch=1 samples=8200/12000 loss=0.0755 elapsed=222s gpu_peak_mb=1598
epoch=1 samples=8400/12000 loss=0.0644 elapsed=227s gpu_peak_mb=1598
epoch=1 samples=8600/12000 loss=0.1039 elapsed=232s gpu_peak_mb=1598
epoch=1 samples=8800/12000 loss=0.1783 elapsed=237s gpu_peak_mb=1598
epoch=1 samples=9000/12000 loss=0.1432 elapsed=242s gpu_peak_mb=1598
eval validation 1024/2000 elapsed=1s
validation {"epoch": 1, "samples": 9000, "validation": {"n": 2000, "accuracy": 0.9585, "accuracy_wilson_95": [0.9488442560070109, 0.9663977471533187], "spam_precision": 0.9801047120418848, "spam_recall": 0.936, "spam_f1": 0.957544757033248, "roc_auc": 0.9914430000000001, "false_positive_rate": 0.019, "tn": 981, "fp": 19, "fn": 64, "tp": 936}}
epoch=1 samples=9200/12000 loss=0.0982 elapsed=255s gpu_peak_mb=1598
epoch=1 samples=9400/12000 loss=0.2206 elapsed=260s gpu_peak_mb=1598
epoch=1 samples=9600/12000 loss=0.0713 elapsed=265s gpu_peak_mb=1598
epoch=1 samples=9800/12000 loss=0.0731 elapsed=270s gpu_peak_mb=1598
epoch=1 samples=10000/12000 loss=0.1610 elapsed=275s gpu_peak_mb=1598
epoch=1 samples=10200/12000 loss=0.1065 elapsed=279s gpu_peak_mb=1598
epoch=1 samples=10400/12000 loss=0.1834 elapsed=285s gpu_peak_mb=1598
epoch=1 samples=10600/12000 loss=0.1121 elapsed=290s gpu_peak_mb=1598
epoch=1 samples=10800/12000 loss=0.1601 elapsed=295s gpu_peak_mb=1598
epoch=1 samples=11000/12000 loss=0.1072 elapsed=300s gpu_peak_mb=1598
epoch=1 samples=11200/12000 loss=0.1402 elapsed=305s gpu_peak_mb=1598
epoch=1 samples=11400/12000 loss=0.0942 elapsed=310s gpu_peak_mb=1598
epoch=1 samples=11600/12000 loss=0.1751 elapsed=315s gpu_peak_mb=1598
epoch=1 samples=11800/12000 loss=0.1606 elapsed=320s gpu_peak_mb=1598
epoch=1 samples=12000/12000 loss=0.0621 elapsed=325s gpu_peak_mb=1598
eval validation 1024/2000 elapsed=1s
validation {"epoch": 1, "samples": 12000, "validation": {"n": 2000, "accuracy": 0.961, "accuracy_wilson_95": [0.9515937245556543, 0.9686386930166728], "spam_precision": 0.9656565656565657, "spam_recall": 0.956, "spam_f1": 0.9608040201005025, "roc_auc": 0.991605, "false_positive_rate": 0.034, "tn": 966, "fp": 34, "fn": 44, "tp": 956}}
eval test 1024/4000 elapsed=1s
eval test 2048/4000 elapsed=2s
eval test 3072/4000 elapsed=5s
RESULT {"baseline": {"n": 4000, "accuracy": 0.77025, "accuracy_wilson_95": [0.7569576164236528, 0.7830237854379992], "spam_precision": 0.8745668745668745, "spam_recall": 0.631, "spam_f1": 0.7330816148707523, "roc_auc": 0.8174343749999999, "false_positive_rate": 0.0905, "tn": 1819, "fp": 181, "fn": 738, "tp": 1262}, "finetuned": {"n": 4000, "accuracy": 0.96525, "accuracy_wilson_95": [0.9591130386054423, 0.9704941666346452], "spam_precision": 0.9654827413706853, "spam_recall": 0.965, "spam_f1": 0.9652413103275819, "roc_auc": 0.992785125, "false_positive_rate": 0.0345, "tn": 1931, "fp": 69, "fn": 70, "tp": 1930}, "accuracy_change_percentage_points": 19.500000000000007, "paired": {"fixed_errors": 831, "new_errors": 51}, "settings": {"epochs": 1, "batch_size": 4, "max_length": 256, "seed": 42, "learning_rate": 2e-05, "effective_batch": 16, "spam_index": 1, "device": "NVIDIA GeForce GTX 1650", "precision": "float32", "selection": "best validation spam F1 at fixed 0.5 threshold", "truncated_messages": {"train": 119, "validation": 27, "test": 42}}, "training_seconds": 346.78466153144836, "history": [{"epoch": 1, "samples": 3000, "validation": {"n": 2000, "accuracy": 0.945, "accuracy_wilson_95": [0.9341283999249005, 0.9541653654106429], "spam_precision": 0.9587628865979382, "spam_recall": 0.93, "spam_f1": 0.9441624365482234, "roc_auc": 0.984947, "false_positive_rate": 0.04, "tn": 960, "fp": 40, "fn": 70, "tp": 930}}, {"epoch": 1, "samples": 6000, "validation": {"n": 2000, "accuracy": 0.9545, "accuracy_wilson_95": [0.9444624737843038, 0.9627948663168301], "spam_precision": 0.9739311783107404, "spam_recall": 0.934, "spam_f1": 0.9535477284328739, "roc_auc": 0.99029, "false_positive_rate": 0.025, "tn": 975, "fp": 25, "fn": 66, "tp": 934}}, {"epoch": 1, "samples": 9000, "validation": {"n": 2000, "accuracy": 0.9585, "accuracy_wilson_95": [0.9488442560070109, 0.9663977471533187], "spam_precision": 0.9801047120418848, "spam_recall": 0.936, "spam_f1": 0.957544757033248, "roc_auc": 0.9914430000000001, "false_positive_rate": 0.019, "tn": 981, "fp": 19, "fn": 64, "tp": 936}}, {"epoch": 1, "samples": 12000, "validation": {"n": 2000, "accuracy": 0.961, "accuracy_wilson_95": [0.9515937245556543, 0.9686386930166728], "spam_precision": 0.9656565656565657, "spam_recall": 0.956, "spam_f1": 0.9608040201005025, "roc_auc": 0.991605, "false_positive_rate": 0.034, "tn": 966, "fp": 34, "fn": 44, "tp": 956}}], "source_model_sha256": "cba9a84a14c4849aef795bb5246569e1d0a6d6c7206c2cba4075e2a3044b7b81"}
